node.exe : C:\Users\panig\Desktop\Projects\2Partial 
Developed\website builder\src\config\aiProviders.ts:25
At line:1 char:1
+ & "C:\Program Files\nodejs/node.exe" "C:\Program 
Files\nodejs/node_mo ...
+ ~~~~~~~~~~~~~~~~~~~~~~~~~~~~~~~~~~~~~~~~~~~~~~~~~~~~~~~
~~~~~~~~~~~~~~
    + CategoryInfo          : NotSpecified: (C:\Users\pa 
   nig\...Providers.ts:25:String) [], RemoteException
    + FullyQualifiedErrorId : NativeCommandError
 
    apiKey: import.meta.env.VITE_OPENAI_API_KEY || '',
                            ^

TypeError: Cannot read properties of undefined (reading 
'VITE_OPENAI_API_KEY')
    at <anonymous> 
(C:\Users\panig\Desktop\Projects\2Partial 
Developed\website 
builder\src\config\aiProviders.ts:25:29)
    at ModuleJob.run 
(node:internal/modules/esm/module_job:343:25)
    at async onImport.tracePromise.__proto__ 
(node:internal/modules/esm/loader:665:26)
    at async asyncRunEntryPointWithESMLoader 
(node:internal/modules/run_main:117:5)

Node.js v22.21.1
